stressed desserts
angel glean
cat act
save vase
bored robed
