jevxiky yjekxiv
wnwhzsm nzwwhms
afkwwej waewkfj
npbzrs rpbnsz
gwk gkw
z p
ywnrl nyrxl
