wzhj zhjw
vulsooyv osoluvvy
vthiwrxsm svimhxwtr
vqtj qjvt
tpeipgqiw qeiwtpipg
nwcngbg gcnwbgn
mmcj jcmm
lsffusvzv fvszfvsul
ghoqtjg qotjggh
dxgv gdvx
rppjgylqoj oqgpjpyrlj
zemqyzu yuezmzq
jioutd ojudti
ukdjb bdujk
dbqbl bdlbq
ojqkduftj ojdufkqjt
wlctuhbzfa tlwczhbauf
bqtjki bqikjt
wswql wwlqs
ccbje ccbje
