xjvtfjdgulcw tdxlugjvcjwf
vktfircc ctvrcfki
tbgaoyuspngsivfc suocpfgysvibtnga
qvt vtq
psl lps
mdpb pbdm
lyhuat yluath
ctwfmujgyfkuvfwa ffvgjfyukwwacmut
cbiqwlwfzcehvmf fqbmfvizewwcclh
wrwoibyebkzwljcz bieylwokbjrzwczw
ubxvyaemcmlo ocuyxlbmvame
xaiopagzrj opjagarizx
jwjbewejpy bjejepwwyj
fzktjcfusm ckjtmfuzfs
pzswlqcve qwzlvecsp
kubhrzhrm hurbmhkzr
owpvwgpycsbflys swcplyvfsbwogyp
xhfwdu wxhdfu
rrpnfitoqpzg rfqpptrzonig
jamrpq marqjp
lkpmc lmckp
arscgngtgjcorwj srgjgacjowcgtrn
zzgzdzud dzzzzgdu
pzsdlaowruibgsyy pzoasusdiwglbryy
snc cns
car cra
xrhf xrfh
ujss usjs
tofh foth
kzxoca kaxzco
