zvwgsptqkjcsuri sqtscwikjpvurgz
zpetqrkaweo oqrekzpteaw
zncogrotvmegnyeisv ggzvemtooiryesnnvc
yxpbsb bpbsxy
yehcunkmjtz umtzecnjkyh
xnhisku sxiknuh
xlxkjbrskbcpyjt kjpjktcxrxlbbys
xlidbvpzwrptzvlciead brazldiivvwcxppetdlz
xhxvgaktczzgjitmbnj kcjntxmagtjbizvxzgh
xewbkccdcwf dkcccwwfbxe
xcpofncfhblgmswpzcssib nwzcbfpcpsmlxhiocfbgss
wyibleyfsavpjkohwhzgft jgvtsfawoylfybhkiepwhz
wwzhrvqhsyt tqhvzsyrwhw
wbkdqljigezhtptosoknuoekf uedtitohfbkknlgpjkwsoezoq
vwcprjpklsvsggmreutmgiv gmlwppkvtvugsjvigcsrmre
voleihckbfiwhnlzk nivhbkfwieclzokhl
vlqwhdcood lwcooqvddh
vkeigu gikuev
urpyywidtlfxdvineqachvuvk qurwvadkviicexhunyyptdlfv
uph phu
umzgbupymurtowaplr mtumpagwblururzopy
ulj jul
udyikfhxlwbctejhotb fuwolcbhytjhbkitdex
trquyudbinfoyrluoncnlkw nufrrlqdcbwilnuouykonyt
tooezqdqt qqdottzeo
tmudbglmf mbgtufmdl
syrkx rxkys
sfpmtfbgpepj ppbtsmejfpfg
sby ysb
rwwuk wrkwu
rqxittqlnlmgzeffgznbnfrgcsk tlggcnegmnfbqrznrktqzsfxifl
rnsbmmvsvsevevzd vvmvrsevndssbzem
rmznwhwydukliwqb dzkuqbywwnrwmhil
riniqxoxoujnzernzgsdrc eounrzczqinjrigxdsrxno
qxxpryxyzumkfdvuo fkozurpqxxxvyuymd
qwitf wqtfi
qttydkhkanujumrj uquayrjttkdhknjm
qodiawmerr weodrmraqi
qnp npq
pvuiwulbklxfojxg lbxuvwilxgopjfuk
pprlekjltcmznljzoadkhuiequ jaohlctmzliqkrekpzpjdnuuel
pmvnemnhvsnyo ennvshmmyopvn
pginqlcg clqgpign
pdzuhqs suhqpdz
pckarozed kaeopzdrc
ovehxiivpfuqd ihdqiopfvuvex
ouqbkc bkoqcu
oinbtilmaeaj ntbjmlaoeaii
nxxikiqkgoqe oenkgxiqiqkx
nobxandrfavckkqkdkicvf fkvkivcdacqkxdaonrnbfk
nnuistevujm uivnjnusmet
nmmiboakoucuyl mliuaknbmooyuc
nljwte jentwl
mzjtvw vjzwmt
mwaeaoemtkiutzklvvtvt uiktvtvkeetzwtaalovmm
msla saml
mnmkdikhoysqxufhrxv khvorqnfyxxudihmmsk
mmgkiaiuqnuokpfa akuikuqpniomgfam
mljdffsaxacnvq lqasdxfjcnvafm
mffdqvujqieewabdrviq fidqvewrbevadifuqqmj
maez azme
lwzuhcpvcs vclspzhcuw
lvqcexvcw vqelvcwxc
lrsvzizkrprxhteqc tvzzrxsrekchplriq
lhtsvlapwggifo goltfgvlpshawi
lgasnwegs waensglsg
lfpuklgnb upnlgkblf
lezpmxhndco excmplohndz
lefoicwaasqsxdvtrwfbybhv vwsbsayvfedatqrhbfoiclxw
kxpkhbg pbxgkhk
kog gko
jsvoxucofwdqhxbrnxn shwxodxfnxbnrqvjcou
jaea aeaj
iprqfh phqfir
ieyk eiky
ierxucvpt puxriectv
htqlkocp tckholpq
hkkpyseqjpwwzlemr pleqwjpwhykkrezsm
hglgeyrlsnphdiacybm lsycngirhgdpmybalhe
hewakytgvnvmjrtwpvsnsn ynngvtwjwrmhpsatknvsev
heatuoy outhyea
gqsrzslbixjadpe xrbleipdgasqjzs
gmatxsycvxsyevtpjw vxyjmtcsystvwpxeag
gilmwdjpkanqcgiqoslzem klpaqiocjggdqslmezimwn
fqtvguotsofszmsobavspgmck spvbvqcokfmgmstgzfoutsaso
fdgbfucricaqxtvabsgwggcrk absxktigcgcrbwqgrvugcfadf
eym yme
eeicesnysmdxmkaqkohjkrqc qrnimkahmdqkcykcxjsoeees
drqhgucfodcanhufdxgvzm unuxhdvozcdqmcgdafrghf
dqkothlpczqc kcltzpocdqhq
dmmqzt mzdtmq
cowdlt wtocdl
clkktzlubrhmrunyzcp uktpylrcrmzklhcnbzu
cktfavkyoygskoabs yaokkkcbssagovyft
ckdwjseuh wsjchudke
arzuwbfarhckegphykusinqexll wlrcqizhebfuhyrgnsaelkxpkau
anxrlrcxkava crvanaaklxxr
adfmo fmoda
aaojap pjaaoa
aafxplym xplmfaay
xaxvjdxangidzmqisqpzsaynjuf ijnsjfznipasqxxyugmdavxzdaq
uovkagjrekebmbogkwwwsxbxzbd sjdebkbkevmkwoauobxbxwwgrgz
ojykrcsmlieucvyhigttrhfweos ttycjihhkyrgrwselvosmfieuco
nipbdfnyjmjrahpxbgyeshjoekq byyojjsbeafdnxqnjprkphihmeg
hbpuzdrkwasdvkfylgvkracilqh zllsavhwigkyarpbkchkqfduvrd
aifmzqcxpujsfieirfzwulhebbw wwzxufsfherbupbzamejcliqifi
zxtfhcacmbcylcsnstyeqicrnj yhscclcxfsqnmnyiztjrccetba
saqdnyigezhtmsfoiajeamezok iamzdezqfsasyjmtokeienaogh
mgassbmwvrrxqaumkyfjabtbhb svjbrmahkmufarsbgbyabqtwxm
jkdbipkbjjqvuuwaoqgohhvsis usuqiqoshgvjabdjiovhwkkjbp
qhyxxyjbztmerzhdasbbccmbo bzyqmeaybdxrhcsbtxchbmzoj
owzyzacmixarnufyshbofenox hnzsobefxmfcuxwooanziyayr
lzumdwcsmbjrqbdxusvoyjrjf ycmwsdzuxjqfbujjsmrdborvl
kbjflnrujvxsdpcjvaemisofd jmkjublsvsjipeanodfcdxvfr
huucxyetsmxbirbdxifobcntb xuhsicmrfybxbbdeubxtnioct
biuysmogwfgzsqvbewjhepvsn usfhbevsgwyjsezmivnqwgpob
acvgwtzvdiccltnemknzimyys atnikmncezvdsytmvlgycwciz
zrhokhjueimyvyzobfwmwcfc howmcoumrefzcywvyzfkbijh
yzbulkiyhrcqdaigkkpjddxl lkxycpyudjkhkdiaqbrzigld
sbwcninangllvorwjovcaxio vjliwbxsgnonalonaccvowir
rwwlxtyfltruniimoclihhln ltixfwlrcwhhnlnltoruiyim
qbzwpalntkabawjucnmtoesn bsknaceoltajnptwabuwnqzm
neybgxssatxocxlbrgjdzhpa sacepzbsjbaxlhdoxtggyrxn
duaqvixylgxmbilblgulwbzf lllliwfgzybuqbvuxadmibxg
cqnbllpttuagivnumqazxdwp upuwlnaxidtqmtqapczvnglb
asolcqgmhjumkrakslcmqfsd dmrkuagloqhssfsjcmqcmlak
vgrpnpuezqyfbmhzxaygwxu wqxyanbumpfpuryzzvgxghe
kumwyiyspcimmmuvpcwsknt ywukcvskutcmwynpmpiimsm
zrfqegztquoxsbmfngdwij gffsxmiqjwzoerqgtuzdnb
xvikkqxlcxwdmicbuwsghr xbcmqwlkvkcixsxrdhguwi
tpngyphiwetiwxphjvbxns wbhpnxtjpexvpwiyhnstig
spqymbacfdqjagibcldbnw cnbfsayjpqlwdgaiqbbcdm
jyfomhenazmzqrbjidhyir znjmhrebiyirymzqfodahj
hmualtypfzanuejcxaciid mnieaxfadcuyiatcjhupzl
adzrrfzvofligwyevklfab arwfbkozigalvzerfvyldf
yrogbxgmxcwoovbacyffi amoyxccwoyxfviggfborb
wuyytjacngxdmiklmnunv guxnjymwvkumcydnitnla
lredqpewruytmtpygiiyb upgpeitybyqmityrdwerl
jwwgmtfmnlqpdlenycyfk ymmlwngjnfkecylqpdftw
ikgrivwnjfvhdpteclsvv nvwfljgspihdtcvrvikev
dgwolnemeevzimhnxnrse nxegwnvihmdreomeslezn
blsiyuztgomdokepozoqr zrumtysidkgolbqooozpe
anwjsclywcvgvipbbzhot zbsvgjhatcylipvnwwobc
udcmnrvtgxnihaakjsxh mvgnratxxkudsijhcnah
rtnukfnnfohdvbisgxpb npinnohfugtxvrsbbfkd
reccplhdlnzmvfjbxgbx cbepcgxfnzhbvmxrjlld
rafeztflhyqzmikjrghd yhhfezfzjdikagrmqltr
orplesrtdxhverlmbigu tlxshbreugrrvpildmoe
lkjlbkylhjntirfqtqbm kblrkqlqjjtftbmynlih
jqrdvbahnypgazkbopyw wqyyahvzornjkpgpbdba
zapzfwzyqedaizyhduu zqddwiypzaufaezuyzh
tkcsgxyxokechbtgtfl kegxhtttxkolcsgcfby
iemwuhrjmujymhlexta eueiayhjwmhljxtmmru
gxeqlafxziwmqxdzxuc iwxefuxxgqxazmclqdz
bilkyuvdgzkiouyfkyu kyyldiigkbvokyzufuu
ypdzwpqbvgikxtduxr vdgdpzuyxxkpqwibtr
xkcwymwgihbpblqkoz igwckxbkqmlwzhypob
ulpokgrnrmohrrnssh mohkrsrgnhrosprunl
tmejztubczpinpjyfj mzjjuctzfpbtpjiney
qgkxixhzlrtlpirrbe ehrxxgilrqkitrpblz
oeiopvqtvczvshcywc yheipsvvcoccqvowzt
lstlbgzzplzlxnyhae nplzzlxablgsehzytl
lpgyigwkxlukclbdfh pkwlbkcgllgxdyuihf
xvohenrjrcixsbzvs nxherjsirsxvvzbco
xlkvcojrmemkeylvn ceeyrlkmnxlkvjvom
xkzdoesbngxjroqnj onzebjgjqxdsnrkox
ujylstyzkhrxeywev suerylvexyhyjzwtk
qnorvwypznqqzdpbq dvnwzqqnrzpoypbqq
pglqbjgahgngduxfj djlggfnpgjauhxqbg
nomxclmadoepzunio pmoanczunodmexoli
ebtofopxuvjodzypp bxeppjfouyzpovdot
ccsnbqenlwlymhvzh nqmhzhywlbcsnlcve
nlyfrrfszotdyunp sunprznyrtyffold
jexzyeegnqokimry nyrexejeoikyzgmq
gwxalqxyhjzqtcby zhyxqqcwagybjtlx
fkbnsorlqclquhvf rfnqcfvohllukqsb
axiylhhoxpiksrlp yoihprxkhspillxa
zldrwhhdmwpgsqu dhsguwqdhrzpwml
ttxuxnxnyphcziz znutxyzhcxitxpn
qzgahxpfroivvxy apqovfixgyvhrxz
odpoizbtnfnqjfy zybfntfonijdqop
lxjtjczzffafrhi fjzxtzhfjicarlf
qmszeqptsutale eqpqtsueltmazs
mlrzzyeoqhweil eewqilomhzzryl
mjveaddcaqhfhw ejhdcqmvdafawh
zyentulzezsibddtqrllcmnapji zmuczrzpdaiylltitlbsnjndqee
unlbiqsmipuyayfrdccoyhcmioz circyshdqifcuybpmyauloimozn
uiqsnmxjazetusbaulprtjjvjyb bauztqraspeltyjinmjbvuxujjs
rrbeixavfyeyldmnuxadgyxwmnw anyeembxiglvnrfudwywrxaxmdy
fvgglhrjmifjygffipbrishwhnk vlibffkpjnsghifimgjrwyghrfh
fprfelghotifawmmalzervdhqgh vezaefltraqmwmfilrdghophghf
cuzlfiwasmlymupwbwtmjudwkqi bysimduwwallzwcutqkfjwuimmp
cpjmvrrapnifehjtluaewkahubq umevjrrbwhqpcefhpantjukliaa
otykxxdsstwulbrxcueoxkdsyk xwyeltrkdokxosxbxdusckytus
orjzxghdzuire ojrihzzegrdux
mqmanmwuycnrtbpmqqgmqzcrrf ncqaquznpqwbqmmmfrmrygmctr
mjukpkjgxlfzb fjzxkbpmujgkl
clawrbndwyehmwhtntbgeaqleo qmetehhlwawteroyagbbnndclw
cjrhplgwusyfpmuvpqqklnbwgm wpgmkbylslupungpcqrjhvwfqm
xfymykcwrdixarfxhqdxmlmp rxwimafrkpdlxymxxhdmqcfy
owbcfrmabwzg gcfzbbroawmw
ojomglazfkat ajfokaotgzlm
oashuzvwiyxvsboilrxczmwy aruxymxoolsvwciwzvizshby
kzfrwqlfeyijlarqdpnliqnb nlqyqqlnaffrrdjilipwbezk
krqntequpujf fpeqtjukqrun
jjztsfsjhelw efzswhjsljjt
ieexprjzmydo mxeoryzijdpe
fcjawlyilzmtbsdpdqsasxwz zcmpxjswtddiasfqbalwzysl
elvoqoewafje oljawefvqeeo
dlnptglflpzl lzdlgflpnlpt
bwnpcqvuxtcdretxwpfpywwp pxcwxwptwnrwvyutfdepqcbp
wwjqmyviiviymteshaqrnhb eshvqmitmqjywiayhinvrbw
sltlfkfnieeaegbqajcelvm asimtfnfeleavlkeegqcblj
rmtyohusttcmqcjvlnjramr maqhrcutyjmrmnjttvsorlc
mbezcrppfwcgfwziiucnuxl mricfnbgpcwcpezzfxuliuw
lpwfdxlpczxjkueuntjxmvs lnxxjtpewszukcvpudljxmf
dhmrcxxmcjucnblohbivxwp ldchxchumxonmbjvibpwrcx
brpntjxtubopqkmxvdkfiqd pknmbfxdiojvqdrtukbpqtx
ayujmnskgbctggciuhwqzkl qsgigcybchnwumjkuztakgl
xvkfvwszeks kfvszvkwesx
xthpfxuiyub bityhuufxxp
xevihdjesvy shyveeixjvd
ukprpfmccox xccopukpmfr
qgzuyaaaflooeipnvqmxax yoqlvanezpaugaaxfqxmoi
obojymizalt ooizjlatymb
niqnxmwzjcy cinxzynmqjw
nipcyjlsnij cnpjnsijyli
nhqsszhkgno snonzqshgkh
kywlabtfhsolwxtxqlrnmm flxnsaymwtrtwlqkoblhmx
iqhspkcmjmrqoxmlpxxgtb qmxsxmrtxblqkpopjghicm
hqqsaqmmfef qmhaqemfsfq
flotikctejq ceqjtktfoli
fjwbummrpxx mfxrpwumbxj
dqfbtypngkm qgmbnkftdyp
cyryybgcgcntrnxhamcryc ggtcaccyxrcbrhncyrmnyy
ciizterneqk eteikzqnric
xgaxqbhufxrfqvnrefaag agbrxhvaxfgfaqrxquefn
qnbkombfgioxlezfximvo qloobzkvfbgxfxomimien
kwzromypbotjctbsescgu wuzocgkorjbtycesmpstb
jxpaxdjirkewumssxkhjl xlpserakkxswihmxujjdj
zsjdowzzzb jbzwdzszoz
zmavggukjqfhruqljsru ugkjvuzrqjfgrhmslqua
ttkdpblsfm tkpsbdtmlf
jagqruhgwvsvrxsfzwai jvsswzuavqrxggifahwr
hrecjmzxppoyhyyiqcbd qrhyzypepxhdcocbmijy
honvvzegqr hqzogvvnre
gothdvrnsgvrklijkmnw hlvtgkwdsgnjrnmvoikr
dzlmolurlj rojlllmdzu
axojwrjnsb rxsnbjaojw
xtirljvifahowtjomal xlooafjlamvjithwtri
veddcwulkdrwonsdflf nwewksrduvdlcdolfdf
tttktsdmpwwgfwwewam wmttwkmwgtwwasefpdt
scyiiifdpdyfrbgadpv faiddipfdgvyrcpyibs
qltdsaqklmhcvpzyizv dckzsptlmzhvalyqqvi
hfxzngjbxzrcmrlzrcf mflczhcnxrzzxgbrfrj
havudbgkwtlsurrgbhi rggruuhltwhdbkvabsi
gouqmsqyoiajqxpxqay gsqaxyapmiqquyoqoxj
daaxdtnwtyslzscthqc dqldhnxtctsatascywz
aldlxoyzgcspcnpsbah lxlpoygsbpadhczscan
ahnncxmbowcounyahdv hbondwanyaxomvccnuh
zdegjgkpg gkpgejdgz
yyxlhpxcf xclphxfyy
vklsvpnhhuigidazkt gspukiivdnhzkhalvt
qngrvxuuy guvunrxqy
ocrsanxkrdwpjxtxdrmvwqmjler ajrrledwjpnmcqvxtrsworxdkmx
nauymcifl amufclniy
mljztnnnsrjrejbgue uzjsgerembjjrntlnn
hcwkzdsyp czdkypwhs
gmmjyobshdkiipwszvvrbyssffg iwspkgihrszymydvjgmbosbsffv
tbozbppnxryhukibtupeqgwxfd ghdtfnkpxxyrzupopubbietwbq
sxkmbaxictomdettdexstizumx axetmudssititexztmxobkxcdm
mlomordlrskwqfgnwpfxpfubca pbrwlmgamqforfwncpulfdksxo
epyhkqnnkispzghfppnxakwntm qpaptxsnnhwfhkpizkemynknpg
wxaancfggikmrbdnc gxrgancfnbkcawmid
rbxfxdpfdeadjgefl pfdgfxjxfbalrdeed
cohtuhoxdwlwdtrlb utotcwhdhdlxbwlro
cjosmbgkfuahqrioh abhqukmrjsfgiocoh
xzdckhyxwaexpklnftiecfewt yfdcaxclpwtnkhwfxtekzixee
rnyimafaducapxitizovigbcl mxpdiaaaivfnictioyrubgclz
pupaxazikeqtezkpijbdjyjey etqikjjibppuezyjakdaexzyp
zalrarblldcfdbdxpinujqps laiajsqlzddbcrfbnlprpxdu
wuzaubzzllvkqzzf zbzvwzllzfuukqza
uxrfxhavhqyojibv oxxfqyvhrhuvibja
tvrzychs vzrshtcy
sltoqlbasmbbqnuz llbszbmoqabnuqts
nqrvnkyldllopuyqpxyklpld pyokxrnqqkllppddlyvuylln
nkwqmljm kjmqwmnl
monuuzlp ounzpuml
lbhvkhnhzhhcnkds hndhnhkschzbkhlv
jcrunyeyptlniqec ecytypeluqnrjcin
jafbnxohttewsbee onhfswtjteeeaxbb
isdovtfp svitpofd
gfvbttqh fvqtbgth
djnqdsfoxxopspus jfsdsuoqxpndxpso
bwthuznf fhtuwbzn
axbahixp apaixbhx
gwouabqyknucnavsyldupzi dwanaoznyvuugluykicpqsb
caxjbmtfiuyvgbsxrmzofiq xygjcftioqsvfuabxibzmmr
uiaqqpqrmpxtpyf myxaqtprqfpqupi
pnnezvmlowquxai lpnmniuoxvqawze
swwnspnwfsdmdnhmmmisgt mtdmnpnwdnmhmsfsgswwis
zjysahlyyaptli ilzhyaylpajtsy
zhlxkczwltppsf kxpstzlwlzfhcp
tqcupnf utnqpfc
pggaftx agftxpg
oembxyy emoxyyb
lgcmerjryimyzi rrljymiegzmyic
jvdzjcnsqqhlel cndjzeqljsvqhl
jdaoorhbewdhds eddwahjoshdbro
gqfhhittnccvpeaaoifli ftghciclinvehifaaptoq
fcdbbolswalgkw gldoslwbbacwfk
nkphgpqgcfofonwybgnvbaeckyi nfpbkhfgngeokcbcopvignayqyw
cxxdklrbnyeafqtuatqavwdxemx frmdtxxkqwnevquxdcyalaabtex
iigtohrakmmputkjnnhm mrtoiknamujhpikmgthn
gugjcnfpassjhgborhde uncdpefjhsorgghbgasj
skuhwcshtdkagdisopwxhovcej wuhhogshjwsedkptoxkdvaiscc
qqotbyptaayxa baqyyqxotatpa
lbupbewsbudae sbabpeduuwbel
htojmyfjtuwetwlirdndnxyoio lyeniwhdmuowyjftxdnriojott
cyvpppxhsaoqljxbxgtkutrwtw pypxtphtoavkxwwsbucrgtlxjq
zhhqjkaotzhplgoqdto lhjqothaqztogpzdhok
xuxoyqwrdyoacoleanr wcoxraoydnqayleouxr
wwqqaizgmoivxxknveg axqegmzwnvxwkiiqovg
ivcdjehuyyqmrggaiqz gcuiqeqydhvmigyzjra
fexggukysggitjakgat gkigfejgskggautxyta
asukatfsqyqbvmftasy asbyfsuaaqqkstvmtyf
zscwcbxevupfjblwqb bcczwbpqxulbwesfjv
yimgoenvfdhh mnhgovdfheiy
ulbgnp lungpb
smdjrj jdjmrs
qxzyul qzulxy
pxxqam xxampq
okrilw krilow
ocmktkugydki cydkkkotigum
kgutva vtuakg
jpelcafnalod paneafcjdlol
jdtpetybexmocqzpvditzpvj qovjmxzdetcbidppvztytpje
iehaokalrzzy ikayhozrazel
fgsootiwbzhc ishoctfbzgow
dvwkgi igvkdw
dmxtuy muytxd
vagnyniwtyebsnmezmldmef alfeyvidnemnstenbmgyzmw
obgbpaxvxpqscxuwbcqzegz bxboggazxpuzcxsveqcwpbq
cjqwwqatykrnyplmjnrtgqk yrjqntawgkqnclqmtkpywjr
ueptmuqxgipoappqf mpoqpppxitguauqef
tctitbmgvgwcaoxra acxioattbgcvmrtgw
camncjpmdqyofcnyp maqnncfccyyjppdmo
yormvkbomni yovrbmonimk
wywdumarkhrtxjjvjunmqr wnhrwuyrumkxrjjqtmadvj
dyviceihvvt dvvhitviecy
hafcknbnngbhtgkatfnvsmqaund chahdqbnuvtntgbksnnaffaknmg
qleicbbnmugkusjv ukimbeqnvcgusbjl
oaknjiobswuqrooh ookoihbwjanrquos
menztupucteibndf itztcbpeduefnnmu
ckkacagtlkduqnag akuadctkkgaqgnlc
wjkvh hjvkw
vvdag dvgva
szkqf fqksz
qrltj jtlqr
qlwdgxmqsdwbwxjxxpna qwsxjxglpbwwmadqxnxd
pptiwwzibw bzitwwipwp
ooyfo oyoof
maudmnoxbd udmdxnaomb
kqpssosqekzpynz kqsqzeoykpsnpsz
gdcjs gsjdc
cmveoopjue juvoecpmeo
byjal jaybl
aqdewvnfqfbuiomnqnjjhpbji pnoejdnqqfjbhfumniivbaqjw
adwzktfxkw fkdzkwwaxt
htjtmbseadzutpxptlcrrjfs jtttxsmsldeucpfarztjbhpr
eejlrzpdndvoblemxifitqbr znrblrfimdeqboeejxvitdpl
gwpifrmuhrrjwidqzof whpimufzqrfgjrdiorw
rhenwjedddyzfe ewezdnryddejhf
gxxrslhgcxhasw gsrhlxhaxxwcgs
flxzfywmvyggth lgyztywfmghvxf
sswowrwhjbgcnmfifobaqqh sraoqfhcswibgfnomwbwjqh
zyguyvnpl gylzpunvy
yysnhhlgp ysngylhhp
sidlesqos ssqselido
nxhaxmjsxudrcvoabt dtjxxncavumrbhsaox
notupacyg nucatyopg
kmuhqlimk iqmkmluhk
hphnzdhid znhhpddhi
xskxxsjmsavpw kasxjsvpsxmwx
xqwmtouxemfyp pwxtmeuxqofmy
ptmmsebkoyzlk sbemlmokzytkp
rtufreexbuiidmede mfuxudebreieidert
zmsrxzpv xvszzmpr
vzkk kvzk
komhlvlpvnot omvphlnlvkot
irtz zrit
dwfalysosbfo saslybwodffo
bspaljijttej jlpsjaibjtte
assvxxqxlytffqsaulij vsylsxqjflxifusqxata
jcuznbpjmphymgdqjwf jjdzqnpjbpymhwufcmg
qlrgvkwbzkgqkgl kgkrqlwzlbgvkgq
ofrztpkehrzeszi fztsezkehpzoirr
earuaxzepyt puaeerzaxyt
xqplkkk lxkpqkk
qeywkbbimicitw beyctbmiqwwkii
oajcdpnoddcpjh ndjcadphodpojc
mdptsof motpsfd
kdiykml yimkkdl
idaqceq qicdaeq
ewkxdwa kewadwx
bfuqdff uffdqfb
obrprzpucx burpxzocpr
bhefwkkqhf hkefhkfbqw
tywiiifhgqtui uyfitihtqgiwi
pipiadslvhlbp dhppiavlbslip
ftkortgzzthpo ttzoptorzhkgf
fomirjrkhwctrurcvir khicrjtirwrmcoruvfr
xxrxsj xxxrjs
vwurxw xwuwrv
touewadad auoeawdtd
qsxmep espmqx
qpt qtp
pip ppi
owy oyw
omb bmo
ojiqoj qjojoi
npk nkp
lxwkwa kxlaww
jgq jqg
jbj jjb
ijzdau uizdja
dtw wtd
dat tad
csq qsc
cnd ncd
cjdhonrch cjhrdnhoc
bhz zhb
bhvwyu vybwhu
ald lad
jjniwmobxnixet tjjiwieonnmxxb
hvxhekyohphhnjjjfnu hvhjekhxupnhjfjhyon
sfutuzgh huutsfgz
lbtdbwdt wbtltbdd
auchuklu auluckuh
uwimqwqwfsmtz zwimqufmqwwts
nkyxdqduzvzgd dukzxydnzvqgd
wgefebepez wegpbeefez
qvmbjptjcr pvqbrtmjcj
lsupm spulm
qpukzko zpukkoq
ymcjso jmcsyo
wmaq mwaq
osai asoi
ockz oczk
mumyee muyeem
mkoasp mpoksa
lpli lilp
kmkgvm kmgvkm
huvjvw vuvhjw
xilufrtfi uiltfrfxi
uleks lueks
uczck uckcz
spzxf spzfx
lqube equbl
itahy ihaty
fxqkx fxkqx
dyild ddily
bavdx bavxd
sfpjhl fspjhl
dogwrpdt odgwrpdt
ym ym
vxx vxx
vcl vcl
pr pr
pbr pbr
lt lt
lk lk
jt jt
if if
if if
ht ht
gv gv
gd gd
fmu fmu
fkh fkh
ff ff
dy dy
bp bp
zxkwlfnvban klwvbxnnaz
yhybdchp bahphcdyy
wfsyiwvcdjmmfagtuoz zvfmyrwfsatijwgcomdu
wdhklxvxxsnvu lxdushvkvwnx
vxnkzgotqu zkovxtqgtnu
unsdojgoesaqwdqgutvqpz uqeqddnwaquogvjsvtopzsg
uncamvupylphvuhycur mhyhpyvpualrucnuvc
tsxrqysrqioicmzaqfuqnpbi qaxrynciuqoimspbzsirtqq
toihogsud uhsgtood
sunaovibpcbjvn ousnjnccpivvbab
mcixfutzqg gizeutqmcfx
khsqwfi skhwiq
hoftlmbkzpadxaxubphmssre kaopxbludbefmphsmtzhrxs
fljizjsmitjyucrsmf mjrsycjfjtslusmzfii
fivzvsbae ivvzaefs
ceommhhjkfxwhlmgn ghkehlommxnmhwjc
cbimxdrziwasjswehfqfn eqrwzhasbiimxwffjcnd
