zrdczx rczzxd
yvlcz czvyl
xvio viox
tlma amlt
qcwdgbjizcb dwczbgcbjiq
klychjkw cjhkklwy
ikdtoklcq qlkdcikto
avjo voaj
gziponhg gonhzpgi
eqwzfrty wrezqtyf
dugdobap adupodgb
gpzwmc cpwmzg
teszj esztj
hoihonhowxc onihxhhwcoo
yqjuao yjqauo
