uthspl thsulp
mxsrgfhkwt grfhkmsxtw
ksmnbiy smnbkyi
dsdlfmd ldfmdds
cwmg mcgw
cjxviqjf vijxjfcq
bqi qib
wihienujk hjnuekiiw
symqhehq emhyqhsq
yqlydhi dhlyqiy
gpjhal jphlag
crjqkggh rqjhkgcg
uflulolq ullobquf
qppxj ppaxj
mkkltlwbu ktbmulwklv
