zsh hzs
xhrbspuqdemvipt dsupmihrvtpbxqe
wzn nwz
rpcqh phqrc
qdymqyaoebnvy ymeqbqynayvod
notbmrh rnomhtb
nmvwmlrqtcclz zqrtlwcncmlmv
neftruxwubsitaday fnudxaabttryeswui
moedzufuqlv emuqvfoluzd
ligmozk gmzkiol
gqc qcg
fcjiswiyfgzhkv isifwhvgyfkzjc
dusbya sdyuab
dsedctazqkf cdfzkdesatq
cmqrtkprjrbaejqzlxy ptmqyzkxbcelrrjqrja
ckljappdonpkymcqf jdpmlqncapyckpfko
afsmlafuzwn znafuwsflma
lisgfaiqpnqzlhqtsq iaqhtiqsqzqfsllgnp
nuhfuypjyinzpnqbs upnsphuqnynyfjizb
rvybgszhflirzdw gwrlsvdiyhrbzfz
hfntszxybict snzbtctxyihf
wxtjowiuhueiqilnrbbl niulbexjquwwoithilrb
rbwlhnqotb blqntowrhb
hfgzwxfjzsgersnwwzfh rgzjefffgwzwwshhnsxz
rryvhqyujtbjjynxhzj yjxruqjbvjjzytrnhyh
ldjzehzceiexoiircrn ednhorieciizlrezjxc
djzgieyammlvynlanwq vizaglqdenymmjyalnw
wklplirue lelkiupwr
ceivlgbhl ghelclbvi
nezuedejnerjexbog bnjuezgexdeonejre
utlatmuyqfaqcltg auctfqaulgytqltm
gpesjxbqddyjuggs exjyupsdbsgjqdgg
barelbma blbramae
jwbhppsiyvlcwep pjcipvyblpswwhe
vrhbcro brrvoch
utxerms terxmus
fygbnfoaotrjet fyeobtnfrojtag
ejvoiqd jeviqdo
cqklrvh hqvklrc
bcxknxrbmxacep xkrcmbebcxnpxa
oclefilhtkpczywxshqu itpcueskocflqywxzlhh
aqixjgqgrwqgjymqmqlg ijmqgrxjyglgqqmqwagq
tnouylyogcfoe uyfoeycongtol
phqyeljcyfpxrrexagu fceyhyxxrejqurglapp
lizcrzingdwqitdmsdp tigciwmdsdrpdnzizlq
jtamicijrnismbklin jljbaimistrckinmin
eszghdimdmwidwhuf zsdwfdeihgdiwhumm
zgijkkktuln tkknukzjgli
pvpxalykwtk plyxpkkvtaw
qqjpzhulzfmhwuje qqulzemjfhzwujhp
pkmsz pskzm
peeaq epeqa
mhvcn mcnhv
adfxuahgln adnglufxah
sqyysyakognptc gqaypkcynssoty
usurcwuhobxb xoucuwubbsrh
magghysa ahsgmgya
kjmcafsy yfmcskaj
epcz pcez
dqeb eqbd
fxbtszzjblp tzbslbzjpxf
cigrrst gitsrcr
atpolnk olpntak
cnsrzwtrmjvyvmsrt zryvjwmsmsncvrtrt
wtb twb
nhy hny
jeh hej
giqgx ggqxi
rnbx xnbr
wetiy ewtiy
