gal.alb.albs
ros.albs.vd
albs.ros.vd
vd.albs.albs
gal.vd.gal
gal.port.vd
port.alb.alb
albs.gal.vd
ros.vd.ros
alb.gal.ros
ros.alb.vd
port.alb.ros
gal.port.vd
port.port.alb
gal.albs.port
alb.ros.port
port.ros.albs
alb.gal.albs
