gal.albs.gal
ros.albs.vd
ros.vd.gal
ros.port.alb
albs.vd.vd
port.alb.port
ros.vd.gal
ros.gal.gal
port.alb.port
alb.ros.ros
port.alb.albs
alb.port.alb
vd.alb.albs
alb.port.albs
albs.gal.albs
vd.ros.albs
gal.ros.port
vd.gal.vd
