gal.ros.port
alb.albs.albs
gal.albs.ros
alb.port.vd
ros.vd.gal
albs.vd.alb
ros.vd.port
albs.gal.alb
port.alb.albs
port.port.albs
port.alb.ros
vd.gal.gal
gal.gal.albs
ros.port.port
ros.gal.vd
alb.vd.vd
alb.ros.vd
alb.albs.ros
