gal.vd.vd
alb.albs.alb
ros.alb.port
port.gal.alb
ros.vd.vd
alb.vd.gal
albs.albs.alb
port.ros.gal
ros.port.alb
albs.albs.albs
ros.port.gal
vd.ros.vd
ros.albs.vd
alb.gal.port
port.albs.gal
ros.port.albs
ros.alb.gal
gal.vd.port
