ros.ros.ros
gal.vd.vd
gal.vd.vd
port.port.port
albs.albs.port
albs.albs.port
alb.alb.alb
vd.alb.alb
vd.alb.alb
albs.ros.ros
albs.gal.gal
gal.gal.gal
vd.gal.gal
vd.port.port
vd.port.port
albs.albs.albs
alb.ros.ros
alb.ros.ros
