albs.vd.vd
ros.albs.alb
vd.alb.port
alb.ros.port
vd.vd.gal
albs.port.ros
albs.gal.port
alb.ros.gal
ros.port.alb
gal.albs.albs
vd.port.gal
vd.albs.ros
alb.port.gal
albs.gal.albs
gal.alb.port
ros.port.vd
ros.alb.ros
gal.vd.alb
