albs.ros.vd
ros.albs.albs
alb.port.gal
alb.alb.port
albs.vd.port
gal.gal.alb
vd.port.albs
ros.gal.gal
alb.vd.ros
ros.gal.albs
vd.alb.port
port.albs.albs
gal.alb.ros
albs.port.gal
vd.alb.vd
gal.vd.port
alb.ros.ros
ros.vd.port
