albs.vd.alb
alb.albs.alb
albs.ros.gal
port.ros.gal
ros.vd.port
port.vd.alb
vd.gal.vd
albs.gal.port
gal.port.albs
alb.albs.albs
gal.alb.gal
vd.ros.vd
ros.alb.port
gal.port.vd
ros.albs.port
ros.albs.alb
port.ros.alb
ros.vd.gal
