port.ros.gal
albs.alb.vd
ros.vd.alb
vd.gal.gal
albs.gal.albs
ros.port.vd
port.vd.alb
gal.ros.ros
alb.gal.albs
albs.alb.vd
ros.port.port
gal.vd.alb
vd.port.albs
alb.albs.port
ros.alb.gal
port.albs.port
ros.vd.gal
ros.alb.albs
