vd.albs.ros
alb.albs.port
ros.albs.port
albs.gal.alb
alb.vd.albs
alb.gal.ros
vd.ros.alb
ros.gal.gal
port.ros.albs
gal.gal.albs
vd.alb.alb
alb.port.port
port.vd.gal
port.port.albs
vd.alb.vd
gal.vd.ros
vd.ros.port
gal.ros.albs
