vd.ros.albs
alb.albs.vd
port.alb.vd
port.gal.ros
ros.vd.port
alb.vd.albs
gal.albs.alb
alb.ros.gal
port.albs.gal
gal.ros.ros
vd.port.gal
alb.ros.vd
vd.port.gal
albs.gal.albs
ros.alb.albs
ros.port.albs
port.alb.gal
alb.vd.port
